Processing adult_morethan50K_3779_variant1...
Processing ALOI_variant1...
Processing audiology_variant1...
Processing bands_band_6_variant1...
Skipping adult_morethan50K_3779_variant1: n=37793 >= 2000
Processing adult_morethan50K_4638_variant1...
Skipping adult_morethan50K_4638_variant1: n=38652 >= 2000
Processing adult_morethan50K_694_variant1...
Skipping adult_morethan50K_694_variant1: n=34708 >= 2000
Processing annealing_variant1...
Skipping ALOI_variant1: n=50000 >= 2000
Processing abalone_variant1...
Skipping abalone_variant1: n=4177 >= 2000
Processing adult_morethan50K_1790_variant1...
Skipping adult_morethan50K_1790_variant1: n=35804 >= 2000
Processing adult_morethan50K_2957_variant1...
Skipping adult_morethan50K_2957_variant1: n=36971 >= 2000
Processing adult_morethan50K_343_variant1...
Skipping adult_morethan50K_343_variant1: n=34357 >= 2000
Processing chess_nowin_185_variant1...
bands_band_6_variant1 completed in 5.01s with AUC 0.9573
Processing breast_cancer_variant1...
breast_cancer_variant1 completed in 0.32s with AUC 0.6852
Processing cardio...
audiology_variant1 completed in 6.34s with AUC 0.7191
Processing autos_variant1...
autos_variant1 completed in 0.64s with AUC 0.5636
Processing bands_band_16_variant1...
bands_band_16_variant1 completed in 4.11s with AUC 0.8209
Processing bands_band_27_variant1...
bands_band_27_variant1 completed in 4.42s with AUC 0.7555
Processing bands_band_34_variant1...
bands_band_34_variant1 completed in 5.04s with AUC 0.7520
Processing bands_band_42_variant1...
bands_band_42_variant1 completed in 5.50s with AUC 0.7272
Processing creditA_plus_42_variant1...
creditA_plus_42_variant1 completed in 3.02s with AUC 0.9504
Processing diabetes_tested_positive_26_variant1...
diabetes_tested_positive_26_variant1 completed in 1.75s with AUC 0.9675
Processing ecoli...
ecoli completed in 0.73s with AUC 0.8671
Processing forestcover...
Skipping forestcover: n=286048 >= 2000
Processing german_1_14_variant1...
german_1_14_variant1 completed in 4.41s with AUC 0.9351
Processing glass...
glass completed in 0.39s with AUC 0.6721
Processing heart270_2_16_variant1...
heart270_2_16_variant1 completed in 0.17s with AUC 0.9542
Processing hepatitis_2_9_variant1...
hepatitis_2_9_variant1 completed in 0.12s with AUC 0.9922
Processing horse_1_12_variant1...
horse_1_12_variant1 completed in 1.48s with AUC 0.9529
Processing http...
Skipping http: n=567498 >= 2000
Processing ionosphere_b_24_variant1...
ionosphere_b_24_variant1 completed in 4.01s with AUC 0.9998
Processing iris_Irisvirginica_11_variant1...
iris_Irisvirginica_11_variant1 completed in 0.03s with AUC 0.9545
Processing letter...
annealing_variant1 completed in 52.59s with AUC 0.7861
Processing annthyroid...
Skipping annthyroid: n=7200 >= 2000
Processing arrhythmia_variant1...
cardio completed in 95.61s with AUC 0.7856
Processing cardiotocography_2and3_33_variant1...
letter completed in 66.45s with AUC 0.7763
Processing lymphography...
lymphography completed in 0.18s with AUC 0.9742
Processing mammography...
Skipping mammography: n=11183 >= 2000
Processing mnist...
Skipping mnist: n=7603 >= 2000
Processing monks_0_12_variant1...
monks_0_12_variant1 completed in 0.09s with AUC 0.9916
Processing monks_0_25_variant1...
monks_0_25_variant1 completed in 0.10s with AUC 0.9951
Processing monks_0_4_variant1...
monks_0_4_variant1 completed in 0.14s with AUC 1.0000
Processing mushroom_p_221_variant1...
Skipping mushroom_p_221_variant1: n=4429 >= 2000
Processing mushroom_p_365_variant1...
Skipping mushroom_p_365_variant1: n=4573 >= 2000
Processing mushroom_p_467_variant1...
Skipping mushroom_p_467_variant1: n=4675 >= 2000
Processing mushroom_p_573_variant1...
Skipping mushroom_p_573_variant1: n=4781 >= 2000
Processing mushroom_p_85_variant1...
Skipping mushroom_p_85_variant1: n=4293 >= 2000
Processing musk...
Skipping musk: n=3062 >= 2000
Processing nursery_variant1...
Skipping nursery_variant1: n=12960 >= 2000
Processing optdigits...
Skipping optdigits: n=5216 >= 2000
Processing pageblocks_1_258_variant1...
Skipping pageblocks_1_258_variant1: n=5171 >= 2000
Processing pendigits...
Skipping pendigits: n=6870 >= 2000
Processing pima_TRUE_55_variant1...
pima_TRUE_55_variant1 completed in 4.87s with AUC 0.9279
Processing satellite...
Skipping satellite: n=6435 >= 2000
Processing satimage2...
Skipping satimage2: n=5803 >= 2000
Processing shuttle...
Skipping shuttle: n=49097 >= 2000
Processing sick_sick_35_variant1...
Skipping sick_sick_35_variant1: n=3576 >= 2000
Processing sick_sick_72_variant1...
Skipping sick_sick_72_variant1: n=3613 >= 2000
Processing smtp...
Skipping smtp: n=95156 >= 2000
Processing sonar_M_10_variant1...
sonar_M_10_variant1 completed in 0.59s with AUC 0.8495
Processing spambase_spam_56_variant1...
Skipping spambase_spam_56_variant1: n=2844 >= 2000
Processing speech...
Skipping speech: n=3686 >= 2000
Processing thyroid...
Skipping thyroid: n=3772 >= 2000
Processing thyroid_disease_variant1...
Skipping thyroid_disease_variant1: n=9172 >= 2000
Processing tic_tac_toe_negative_12_variant1...
tic_tac_toe_negative_12_variant1 completed in 1.09s with AUC 0.9607
Processing tic_tac_toe_negative_26_variant1...
tic_tac_toe_negative_26_variant1 completed in 1.15s with AUC 0.8815
Processing tic_tac_toe_negative_32_variant1...
tic_tac_toe_negative_32_variant1 completed in 1.23s with AUC 0.8324
Processing tic_tac_toe_negative_54_variant1...
tic_tac_toe_negative_54_variant1 completed in 1.17s with AUC 0.7404
Processing tic_tac_toe_negative_69_variant1...
tic_tac_toe_negative_69_variant1 completed in 1.14s with AUC 0.7646
Processing vertebral...
vertebral completed in 0.64s with AUC 0.3360
Processing vote_republican_29_variant1...
vote_republican_29_variant1 completed in 0.46s with AUC 0.9551
Processing vowels...
vowels completed in 11.13s with AUC 0.9337
Processing waveform_0_100_variant1...
Skipping waveform_0_100_variant1: n=3443 >= 2000
Processing wbc_malignant_39_variant1...
wbc_malignant_39_variant1 completed in 1.49s with AUC 0.9868
Processing wdbc_M_39_variant1...
wdbc_M_39_variant1 completed in 3.27s with AUC 0.7067
Processing wine...
wine completed in 0.17s with AUC 0.7571
Processing wpbc_variant1...
wpbc_variant1 completed in 1.21s with AUC 0.5082
Processing yeast_ERL_5_variant1...
yeast_ERL_5_variant1 completed in 10.03s with AUC 0.9960
Processing zoo_variant1...
zoo_variant1 completed in 0.10s with AUC 0.6506
arrhythmia_variant1 completed in 196.38s with AUC 0.8124
chess_nowin_185_variant1 completed in 485.64s with AUC 0.8741
Processing chess_nowin_227_variant1...
cardiotocography_2and3_33_variant1 completed in 433.52s with AUC 0.8534
Processing chess_nowin_145_variant1...
chess_nowin_227_variant1 completed in 65.12s with AUC 0.8356
Processing chess_nowin_34_variant1...
